How to Use Python Virtual Environments: A Step-by-Step Guide
Welcome to our quick guide on using Python virtual environments! Whether you're new to Python or a seasoned developer, understanding virtual environments is crucial for managing dependencies and ensuring project consistency. Let's dive in!

What is a Python Virtual Environment?
A Python virtual environment is an isolated environment that allows you to install and manage Python packages for a specific project without affecting other projects or the system Python installation. This means you can have multiple projects with different dependencies running on the same machine without conflict.

Why Use Virtual Environments?
Dependency Management: Each project can have its own set of dependencies, ensuring that updates in one project don’t break another.
Version Control: You can use different versions of a package in different projects.
Isolation: Keeps your global Python environment clean and prevents package clutter.
Step-by-Step Guide to Using Python Virtual Environments
Step 1: Install virtualenv (Optional)
While Python 3.3+ includes a built-in module called venv, many developers prefer virtualenv for its added features. To install virtualenv, run:

pip install virtualenv
Step 2: Create a Virtual Environment
To create a virtual environment, navigate to your project directory and use the following command:

python -m venv myenv
Here, myenv is the name of your virtual environment. You can replace it with any name you prefer.

Step 3: Activate the Virtual Environment
Activating the virtual environment is crucial for using it. Here's how you can do it:

Windows:

myenv\Scripts\activate
macOS and Linux:

source myenv/bin/activate
Once activated, your command prompt will change to indicate that you are in an active virtual environment.

Step 4: Install Packages
Now that your virtual environment is active, you can install packages using pip. For example:

pip install requests
This will install the requests library only in your virtual environment.

Step 5: Deactivate the Virtual Environment
When you're done working, deactivate the virtual environment using:

deactivate
Your command prompt should return to its usual state, indicating that you're back in the global environment.

Step 6: Delete a Virtual Environment
If you no longer need a virtual environment, simply delete the directory. For example:

rm -rf myenv
And there you have it! You've successfully learned how to create, activate, use, and delete Python virtual environments. This essential skill will help you manage your projects more efficiently and keep your development environment organized.

Happy coding! If you have any questions or need further clarification, feel free to reach out.